This is LuaHBTeX, Version 1.13.0 (TeX Live 2021)  (format=lualatex 2021.11.15)  29 SEP 2026 13:19
 restricted system commands enabled.
**programme.tex
(./programme.tex
LaTeX2e <2020-10-01> patch level 4
Lua module: luaotfload 2021-01-08 3.17 Lua based OpenType font support
Lua module: lualibs 2020-12-30 2.73 ConTeXt Lua standard libraries.
Lua module: lualibs-extended 2020-12-30 2.73 ConTeXt Lua libraries -- extended c
ollection.
luaotfload | load : FATAL ERROR
luaotfload | load :   × Failed to load "fontloader" module "basics-gen".
luaotfload | load :   × Error message:
luaotfload | load :     × "...021/texmf-dist/tex/luatex/luaotfload/luaotfload-i
nit.lua:301: system : no writeable cache path, quiting"....021/texmf-dist/tex/lu
atex/luaotfload/luaotfload-init.lua:301: system : no writeable cache path, quiti
ng
stack traceback:
	[C]: in function 'error'
	...021/texmf-dist/tex/luatex/luaotfload/luaotfload-init.lua:301: in function 'o
s.exit'
	...ive/2021/texmf-dist/tex/luatex/luaotfload/luaotfload.lua:209: in local 'load
_fontloader_module'
	...021/texmf-dist/tex/luatex/luaotfload/luaotfload-init.lua:303: in upvalue 'in
it_main'
	...021/texmf-dist/tex/luatex/luaotfload/luaotfload-init.lua:584: in function 'l
uaotfload-init.lua'
	...ive/2021/texmf-dist/tex/luatex/luaotfload/luaotfload.lua:330: in field 'main
'
	[\directlua]:1: in main chunk.
<everyjob> ...ring \\def\string \\encodingdefault{OT1}')end }
                                                  \let \f@encoding \encoding...
l.1 
  % Options for packages loaded elsewhere

Here is how much of LuaTeX's memory you used:
 7 strings out of 478531
 100000,383344 words of node,token memory allocated
 275 words of node memory still in use:
   1 hlist, 1 dir, 39 glue_spec nodes
   avail lists: 2:12,3:1,4:1
 20084 multiletter control sequences out of 65536+600000
 22 fonts using 2516239 bytes
 5i,0n,1p,54b,15s stack positions out of 5000i,500n,10000p,200000b,80000s
!  ==> Fatal error occurred, no output PDF file produced!
